__enable_irq () at /Users/jibailey/src/hispec-zephyr-mlang/modules/hal/cmsis_6/CMSIS/Core/Include/cmsis_gcc.h:800
800	  __ASM volatile ("cpsie i" : : : "memory");
Hardware assisted breakpoint 1 at 0x804a50a: file /Users/jibailey/src/hispec-zephyr-mlang/modules/hal/stm32/stm32cube/stm32h5xx/drivers/include/stm32h5xx_ll_usart.h, line 3318.
[New Thread 2]
[Thread 1 exited]
[New Thread 536878880]
[New Thread 536878496]
[New Thread 536878688]
[New Thread 536878272]
[New Thread 536910608]
[New Thread 536909912]
[New Thread 536914816]
[New Thread 536913336]
[New Thread 536874992]
[New Thread 536913976]
[New Thread 536913720]
[New Thread 536914280]
[New Thread 536871656]
[New Thread 536915896]
[New Thread 536910888]
[New Thread 536915288]
[New Thread 536915480]
[Switching to Thread 2]

Thread 2 "Handler mode" hit Breakpoint 1, LL_USART_ClearFlag_ORE (USARTx=0x40004400) at /Users/jibailey/src/hispec-zephyr-mlang/modules/hal/stm32/stm32cube/stm32h5xx/drivers/include/stm32h5xx_ll_usart.h:3318
3318	  WRITE_REG(USARTx->ICR, USART_ICR_ORECF);
UART_OVERRUN_CLEAR_PATH
r0             0x1                 1
r1             0x8                 8
r2             0xff                255
r3             0x40004400          1073759232
r4             0x20000113          536871187
r5             0xa0000000          2684354560
r6             0x804ce94           134532756
r7             0x804d72c           134534956
r8             0x804d778           134535032
r9             0x1                 1
r10            0x0                 0
r11            0x0                 0
r12            0x159e49            1416777
sp             0x200197f8          0x200197f8 <z_interrupt_stacks+1984>
lr             0x804a4eb           0x804a4eb <uart_stm32_fifo_read+24>
pc             0x804a50a           0x804a50a <uart_stm32_fifo_read+56>
xpsr           0xa100004b          [ N C GE=0 EXC=75 T ]
#0  LL_USART_ClearFlag_ORE (USARTx=0x40004400) at /Users/jibailey/src/hispec-zephyr-mlang/modules/hal/stm32/stm32cube/stm32h5xx/drivers/include/stm32h5xx_ll_usart.h:3318
#1  uart_stm32_fifo_read_visitor (dev=<optimized out>, read_fn=<optimized out>, rx_data=<optimized out>, size=<optimized out>) at /Users/jibailey/src/hispec-zephyr-mlang/zephyr/drivers/serial/uart_stm32.c:989
#2  uart_stm32_fifo_read (dev=<optimized out>, rx_data=0x20000113 <modbus_serial_cfg+83> "\003", size=255) at /Users/jibailey/src/hispec-zephyr-mlang/zephyr/drivers/serial/uart_stm32.c:1013
#3  0x08021674 in cb_handler_rx (ctx=0x20001164 <mb_ctx_tbl>) at /Users/jibailey/src/hispec-zephyr-mlang/zephyr/subsys/modbus/modbus_serial.c:398
#4  uart_cb_handler (dev=0x804ce94 <__device_dts_ord_188>, app_data=0x20001164 <mb_ctx_tbl>) at /Users/jibailey/src/hispec-zephyr-mlang/zephyr/subsys/modbus/modbus_serial.c:445
#5  0x0801f52e in _isr_wrapper () at /Users/jibailey/src/hispec-zephyr-mlang/zephyr/arch/arm/core/cortex_m/isr_wrapper.c:81
#6  <signal handler called>
#7  w1_gpio_reset_bus (dev=<optimized out>) at /Users/jibailey/src/hispec-zephyr-mlang/zephyr/drivers/w1/w1_zephyr_gpio.c:168
#8  0x0804a88a in skip_rom (dev=0x804cfe4 <__device_dts_ord_43>, config=0x20010374 <ds2408_data_0+24>) at /Users/jibailey/src/hispec-zephyr-mlang/zephyr/drivers/w1/w1_net.c:316
#9  0x0804a8d4 in reset_select (dev=dev@entry=0x804cfe4 <__device_dts_ord_43>, config=config@entry=0x20010374 <ds2408_data_0+24>) at /Users/jibailey/src/hispec-zephyr-mlang/zephyr/drivers/w1/w1_net.c:355
#10 0x0804a974 in write_read (dev=0x804cfe4 <__device_dts_ord_43>, config=0x20010374 <ds2408_data_0+24>, write_buf=0x20011e5c <app_blocking_workq_stack+2940> <incomplete sequence \360\210>, write_len=3, read_buf=0x20011e5b <app_blocking_workq_stack+2939> <incomplete sequence \360\210>, read_len=1) at /Users/jibailey/src/hispec-zephyr-mlang/zephyr/drivers/w1/w1_net.c:374
#11 w1_write_read (dev=0x804cfe4 <__device_dts_ord_43>, config=0x20010374 <ds2408_data_0+24>, write_buf=write_buf@entry=0x20011e5c <app_blocking_workq_stack+2940> <incomplete sequence \360\210>, write_len=write_len@entry=3, read_buf=read_buf@entry=0x20011e5b <app_blocking_workq_stack+2939> <incomplete sequence \360\210>, read_len=read_len@entry=1) at /Users/jibailey/src/hispec-zephyr-mlang/zephyr/drivers/w1/w1_net.c:397
#12 0x0804ab5a in ds2408_read_reg (reg=136 '\210', dev=0x804d070 <__device_dts_ord_44>, val=0x20011e5b <app_blocking_workq_stack+2939> <incomplete sequence \360\210>) at /Users/jibailey/src/hispec-zephyr-mlang/hispec-tib/drivers/gpio/ds2408/drivers/gpio/gpio_ds2408.c:80
#13 ds2408_port_get_raw (dev=0x804d070 <__device_dts_ord_44>, value=0x20011e78 <app_blocking_workq_stack+2968>) at /Users/jibailey/src/hispec-zephyr-mlang/hispec-tib/drivers/gpio/ds2408/drivers/gpio/gpio_ds2408.c:334
#14 0x080052c8 in gpio_port_get_raw (port=<optimized out>, value=0x20011e78 <app_blocking_workq_stack+2968>) at /Users/jibailey/src/hispec-zephyr-mlang/hispec-tib/app/build/zephyr/include/generated/zephyr/syscalls/gpio.h:137
#15 temperature_work_handler (work=<optimized out>) at /Users/jibailey/src/hispec-zephyr-mlang/hispec-tib/app/src/housekeeping.c:527
#16 0x0803b53a in work_queue_main (workq_ptr=0x20001cc0 <app_blocking_workq>, p2=<optimized out>, p3=<optimized out>) at /Users/jibailey/src/hispec-zephyr-mlang/zephyr/kernel/work.c:757
#17 0x0801eb7a in z_thread_entry (entry=0x803b419 <work_queue_main>, p1=0x20001cc0 <app_blocking_workq>, p2=0x0, p3=0x0) at /Users/jibailey/src/hispec-zephyr-mlang/zephyr/kernel/sys/thread_entry.c:60
$1 = "app_blocking", '\000' <repeats 19 times>
$2 = 0x1
0x20000112 <modbus_serial_cfg+82>:	0x05	0x03	0x00	0x41	0x00	0x01	0xd5	0x9a
0x2000011a <modbus_serial_cfg+90>:	0x00	0x00	0x00	0x00	0x00	0x00	0x00	0x00
0x20000122 <modbus_serial_cfg+98>:	0x00	0x00	0x00	0x00	0x00	0x00	0x00	0x00
$3 = 5 '\005'
$4 = 3 '\003'
$5 = 4
0x200012ca <mb_ctx_tbl+358>:	0x00	0x41	0x00	0x01	0x00	0x00	0x00	0x00
$6 = 0
$7 = 0x3
$8 = true
$9 = 0x0
40004400:  0000002d 00000000 00000000             |...-........|
4000441c:  006210da                               |.b..|
Removed breakpoint at 0x0804a50a
8 hardware breakpoints available
No breakpoints installed
[Inferior 1 (Remote target) detached]
